Copyright 1986-2022 Xilinx, Inc. All Rights Reserved.
-------------------------------------------------------------------------------------------------------------------------------------
| Tool Version : Vivado v.2022.1 (lin64) Build 3526262 Mon Apr 18 15:47:01 MDT 2022
| Date         : Wed Oct 19 11:08:08 2022
| Host         : stl56jc-MS-7C95 running 64-bit Ubuntu 22.04.1 LTS
| Command      : report_utilization -file AXI_SpaceWire_IP_v1_0_utilization_synth.rpt -pb AXI_SpaceWire_IP_v1_0_utilization_synth.pb
| Design       : AXI_SpaceWire_IP_v1_0
| Device       : xc7a35tcpg236-1
| Speed File   : -1
| Design State : Synthesized
-------------------------------------------------------------------------------------------------------------------------------------

Utilization Design Information

Table of Contents
-----------------
1. Slice Logic
1.1 Summary of Registers by Type
2. Memory
3. DSP
4. IO and GT Specific
5. Clocking
6. Specific Feature
7. Primitives
8. Black Boxes
9. Instantiated Netlists

1. Slice Logic
--------------

+----------------------------+------+-------+------------+-----------+-------+
|          Site Type         | Used | Fixed | Prohibited | Available | Util% |
+----------------------------+------+-------+------------+-----------+-------+
| Slice LUTs*                |  578 |     0 |          0 |     20800 |  2.78 |
|   LUT as Logic             |  574 |     0 |          0 |     20800 |  2.76 |
|   LUT as Memory            |    4 |     0 |          0 |      9600 |  0.04 |
|     LUT as Distributed RAM |    4 |     0 |            |           |       |
|     LUT as Shift Register  |    0 |     0 |            |           |       |
| Slice Registers            |  785 |     6 |          0 |     41600 |  1.89 |
|   Register as Flip Flop    |  785 |     6 |          0 |     41600 |  1.89 |
|   Register as Latch        |    0 |     0 |          0 |     41600 |  0.00 |
| F7 Muxes                   |    0 |     0 |          0 |     16300 |  0.00 |
| F8 Muxes                   |    0 |     0 |          0 |      8150 |  0.00 |
+----------------------------+------+-------+------------+-----------+-------+
* Warning! The Final LUT count, after physical optimizations and full implementation, is typically lower. Run opt_design after synthesis, if not already completed, for a more realistic count.


1.1 Summary of Registers by Type
--------------------------------

+-------+--------------+-------------+--------------+
| Total | Clock Enable | Synchronous | Asynchronous |
+-------+--------------+-------------+--------------+
| 0     |            _ |           - |            - |
| 0     |            _ |           - |          Set |
| 0     |            _ |           - |        Reset |
| 0     |            _ |         Set |            - |
| 0     |            _ |       Reset |            - |
| 0     |          Yes |           - |            - |
| 0     |          Yes |           - |          Set |
| 29    |          Yes |           - |        Reset |
| 29    |          Yes |         Set |            - |
| 727   |          Yes |       Reset |            - |
+-------+--------------+-------------+--------------+


2. Memory
---------

+-------------------+------+-------+------------+-----------+-------+
|     Site Type     | Used | Fixed | Prohibited | Available | Util% |
+-------------------+------+-------+------------+-----------+-------+
| Block RAM Tile    |    2 |     0 |          0 |        50 |  4.00 |
|   RAMB36/FIFO*    |    0 |     0 |          0 |        50 |  0.00 |
|   RAMB18          |    4 |     0 |          0 |       100 |  4.00 |
|     FIFO18E1 only |    2 |       |            |           |       |
|     RAMB18E1 only |    2 |       |            |           |       |
+-------------------+------+-------+------------+-----------+-------+
* Note: Each Block RAM Tile only has one FIFO logic available and therefore can accommodate only one FIFO36E1 or one FIFO18E1. However, if a FIFO18E1 occupies a Block RAM Tile, that tile can still accommodate a RAMB18E1


3. DSP
------

+-----------+------+-------+------------+-----------+-------+
| Site Type | Used | Fixed | Prohibited | Available | Util% |
+-----------+------+-------+------------+-----------+-------+
| DSPs      |    0 |     0 |          0 |        90 |  0.00 |
+-----------+------+-------+------------+-----------+-------+


4. IO and GT Specific
---------------------

+-----------------------------+------+-------+------------+-----------+--------+
|          Site Type          | Used | Fixed | Prohibited | Available |  Util% |
+-----------------------------+------+-------+------------+-----------+--------+
| Bonded IOB                  |  277 |     0 |          0 |       106 | 261.32 |
| Bonded IPADs                |    0 |     0 |          0 |        10 |   0.00 |
| Bonded OPADs                |    0 |     0 |          0 |         4 |   0.00 |
| PHY_CONTROL                 |    0 |     0 |          0 |         5 |   0.00 |
| PHASER_REF                  |    0 |     0 |          0 |         5 |   0.00 |
| OUT_FIFO                    |    0 |     0 |          0 |        20 |   0.00 |
| IN_FIFO                     |    0 |     0 |          0 |        20 |   0.00 |
| IDELAYCTRL                  |    0 |     0 |          0 |         5 |   0.00 |
| IBUFDS                      |    0 |     0 |          0 |       104 |   0.00 |
| GTPE2_CHANNEL               |    0 |     0 |          0 |         2 |   0.00 |
| PHASER_OUT/PHASER_OUT_PHY   |    0 |     0 |          0 |        20 |   0.00 |
| PHASER_IN/PHASER_IN_PHY     |    0 |     0 |          0 |        20 |   0.00 |
| IDELAYE2/IDELAYE2_FINEDELAY |    0 |     0 |          0 |       250 |   0.00 |
| IBUFDS_GTE2                 |    0 |     0 |          0 |         2 |   0.00 |
| ILOGIC                      |    0 |     0 |          0 |       106 |   0.00 |
| OLOGIC                      |    0 |     0 |          0 |       106 |   0.00 |
+-----------------------------+------+-------+------------+-----------+--------+


5. Clocking
-----------

+------------+------+-------+------------+-----------+-------+
|  Site Type | Used | Fixed | Prohibited | Available | Util% |
+------------+------+-------+------------+-----------+-------+
| BUFGCTRL   |    6 |     0 |          0 |        32 | 18.75 |
| BUFIO      |    0 |     0 |          0 |        20 |  0.00 |
| MMCME2_ADV |    0 |     0 |          0 |         5 |  0.00 |
| PLLE2_ADV  |    0 |     0 |          0 |         5 |  0.00 |
| BUFMRCE    |    0 |     0 |          0 |        10 |  0.00 |
| BUFHCE     |    0 |     0 |          0 |        72 |  0.00 |
| BUFR       |    0 |     0 |          0 |        20 |  0.00 |
+------------+------+-------+------------+-----------+-------+


6. Specific Feature
-------------------

+-------------+------+-------+------------+-----------+-------+
|  Site Type  | Used | Fixed | Prohibited | Available | Util% |
+-------------+------+-------+------------+-----------+-------+
| BSCANE2     |    0 |     0 |          0 |         4 |  0.00 |
| CAPTUREE2   |    0 |     0 |          0 |         1 |  0.00 |
| DNA_PORT    |    0 |     0 |          0 |         1 |  0.00 |
| EFUSE_USR   |    0 |     0 |          0 |         1 |  0.00 |
| FRAME_ECCE2 |    0 |     0 |          0 |         1 |  0.00 |
| ICAPE2      |    0 |     0 |          0 |         2 |  0.00 |
| PCIE_2_1    |    0 |     0 |          0 |         1 |  0.00 |
| STARTUPE2   |    0 |     0 |          0 |         1 |  0.00 |
| XADC        |    0 |     0 |          0 |         1 |  0.00 |
+-------------+------+-------+------------+-----------+-------+


7. Primitives
-------------

+----------+------+---------------------+
| Ref Name | Used | Functional Category |
+----------+------+---------------------+
| FDRE     |  727 |        Flop & Latch |
| LUT2     |  214 |                 LUT |
| LUT4     |  152 |                 LUT |
| IBUF     |  145 |                  IO |
| OBUF     |  132 |                  IO |
| LUT6     |  122 |                 LUT |
| LUT5     |  116 |                 LUT |
| LUT3     |  112 |                 LUT |
| CARRY4   |   54 |          CarryLogic |
| FDSE     |   29 |        Flop & Latch |
| FDCE     |   29 |        Flop & Latch |
| LUT1     |   21 |                 LUT |
| BUFG     |    6 |               Clock |
| RAMD32   |    4 |  Distributed Memory |
| RAMB18E1 |    2 |        Block Memory |
| FIFO18E1 |    2 |        Block Memory |
+----------+------+---------------------+


8. Black Boxes
--------------

+----------+------+
| Ref Name | Used |
+----------+------+


9. Instantiated Netlists
------------------------

+----------+------+
| Ref Name | Used |
+----------+------+


